// Jest Snapshot v1, https://goo.gl/fbAQLP

exports[`Test Note Component  Renders appropriate snapshot 1`] = `
<div
  className="Note"
>
  <input
    checked={true}
    className="NoteCheckbox"
    onChange={[Function]}
    type="checkbox"
  />
  <label
    className="NoteTextChecked-true"
  >
    Note Test
  </label>
</div>
`;
